[     205ms] [LOG] [PostHog.js] set_config {config: Object, oldConfig: Object, newConfig: Object} @ http://localhost:3000/_next/static/chunks/node_modules_posthog-js_dist_module_161gfvt.js:1850
[     205ms] [LOG] [PostHog.js] Persistence loaded localStorage+cookie {$device_id: 01a06088-3a36-7c26-acd5-eca7952aae03, distinct_id: 01a06088-3a36-7c26-acd5-eca7952aae03, $sesid: Array(3), $epp: true, $initial_person_info: Object} @ http://localhost:3000/_next/static/chunks/node_modules_posthog-js_dist_module_161gfvt.js:1850
[     208ms] [LOG] [PostHog.js] Persistence loaded sessionStorage {} @ http://localhost:3000/_next/static/chunks/node_modules_posthog-js_dist_module_161gfvt.js:1850
[     209ms] [LOG] [PostHog.js] Initializing extensions synchronously @ http://localhost:3000/_next/static/chunks/node_modules_posthog-js_dist_module_161gfvt.js:1850
[     209ms] [LOG] [PostHog.js] [Web Vitals] enabled, starting... @ http://localhost:3000/_next/static/chunks/node_modules_posthog-js_dist_module_161gfvt.js:1850
[     210ms] [LOG] [PostHog.js] History API monitoring enabled, starting... @ http://localhost:3000/_next/static/chunks/node_modules_posthog-js_dist_module_161gfvt.js:1850
[     210ms] [LOG] [PostHog.js] [Heatmaps] starting... @ http://localhost:3000/_next/static/chunks/node_modules_posthog-js_dist_module_161gfvt.js:1850
[     210ms] [LOG] [PostHog.js] Starting in debug mode {this: zl, config: Object, thisC: Object, p: Object, s: Object} @ http://localhost:3000/_next/static/chunks/node_modules_posthog-js_dist_module_161gfvt.js:1850
[     222ms] [LOG] [PostHog.js] [SessionId] new session ID assigned {sessionId: 01a0763d-1335-740a-b3e2-a0039ddcbf9d, windowId: 01a0763d-1335-740a-b3e2-a0040daa5ad9, bootstrapped: false, changeReason: Object} @ http://localhost:3000/_next/static/chunks/node_modules_posthog-js_dist_module_161gfvt.js:1850
[     223ms] [LOG] [PostHog.js] send "$set" {uuid: 01a0763d-132b-7e40-be47-1e56a61d704f, event: $set, properties: Object, $set_once: Object, timestamp: Sun Sep 06 2026 15:51:49 GMT+0530 (India Standard Time)} @ http://localhost:3000/_next/static/chunks/node_modules_posthog-js_dist_module_161gfvt.js:1850
[     224ms] [LOG] [Client Instrumentation Hook] Slow execution detected: 25ms (Note: Code download overhead is not included in this measurement) @ http://localhost:3000/_next/static/chunks/node_modules_next_dist_1e8vcs8._.js:676
[     238ms] [INFO] %cDownload the React DevTools for a better development experience: https://react.dev/link/react-devtools font-weight:bold @ http://localhost:3000/_next/static/chunks/node_modules_next_dist_1e8vcs8._.js:781
[     270ms] [LOG] [PostHog.js] send "$pageview" {uuid: 01a0763d-1365-7d0a-81a9-9f48afdc75ab, event: $pageview, properties: Object, timestamp: Sun Sep 06 2026 15:51:49 GMT+0530 (India Standard Time)} @ http://localhost:3000/_next/static/chunks/node_modules_next_dist_1e8vcs8._.js:781
[     271ms] [LOG] [HMR] connected @ http://localhost:3000/_next/static/chunks/node_modules_next_dist_1e8vcs8._.js:781
[     313ms] [LOG] [PostHog.js] [Dead Clicks] starting... @ http://localhost:3000/_next/static/chunks/node_modules_next_dist_1e8vcs8._.js:781
[    1121ms] [LOG] [PostHog.js] Persistence loaded sessionStorage {$referrer: $direct, $referring_domain: $direct} @ http://localhost:3000/_next/static/chunks/node_modules_next_dist_1e8vcs8._.js:781
[    1121ms] [LOG] [PostHog.js] set_config {config: Object, oldConfig: Object, newConfig: Object} @ http://localhost:3000/_next/static/chunks/node_modules_next_dist_1e8vcs8._.js:781
[    1122ms] [LOG] [PostHog.js] [Surveys] flags response received, isSurveysEnabled: false @ http://localhost:3000/_next/static/chunks/node_modules_next_dist_1e8vcs8._.js:781
[    1129ms] [LOG] [PostHog.js] [Surveys] Surveys loaded successfully @ http://localhost:3000/_next/static/chunks/node_modules_next_dist_1e8vcs8._.js:781
[    5315ms] [LOG] [PostHog.js] send "$web_vitals" {uuid: 01a0763d-2719-7063-a253-86902f40cc79, event: $web_vitals, properties: Object, timestamp: Sun Sep 06 2026 15:51:54 GMT+0530 (India Standard Time)} @ http://localhost:3000/_next/static/chunks/node_modules_next_dist_1e8vcs8._.js:781
[   23501ms] [ERROR] WebSocket connection to 'ws://localhost:3000/_next/hmr?id=hSRBSjCDWpiegsV1wSUG2' failed:  @ http://localhost:3000/_next/static/chunks/node_modules_next_dist_client_0_90u2t._.js:16348
[   24508ms] [ERROR] WebSocket connection to 'ws://localhost:3000/_next/hmr?id=hSRBSjCDWpiegsV1wSUG2' failed: Error in connection establishment: net::ERR_CONNECTION_REFUSED @ http://localhost:3000/_next/static/chunks/node_modules_next_dist_client_0_90u2t._.js:16348
[   25512ms] [ERROR] WebSocket connection to 'ws://localhost:3000/_next/hmr?id=hSRBSjCDWpiegsV1wSUG2' failed: Error in connection establishment: net::ERR_CONNECTION_REFUSED @ http://localhost:3000/_next/static/chunks/node_modules_next_dist_client_0_90u2t._.js:16348
[   26516ms] [ERROR] WebSocket connection to 'ws://localhost:3000/_next/hmr?id=hSRBSjCDWpiegsV1wSUG2' failed: Error in connection establishment: net::ERR_CONNECTION_REFUSED @ http://localhost:3000/_next/static/chunks/node_modules_next_dist_client_0_90u2t._.js:16348
[   27518ms] [ERROR] WebSocket connection to 'ws://localhost:3000/_next/hmr?id=hSRBSjCDWpiegsV1wSUG2' failed: Error in connection establishment: net::ERR_CONNECTION_REFUSED @ http://localhost:3000/_next/static/chunks/node_modules_next_dist_client_0_90u2t._.js:16348
[   28521ms] [ERROR] WebSocket connection to 'ws://localhost:3000/_next/hmr?id=hSRBSjCDWpiegsV1wSUG2' failed: Error in connection establishment: net::ERR_CONNECTION_REFUSED @ http://localhost:3000/_next/static/chunks/node_modules_next_dist_client_0_90u2t._.js:16348
[   33524ms] [ERROR] WebSocket connection to 'ws://localhost:3000/_next/hmr?id=hSRBSjCDWpiegsV1wSUG2' failed: Error in connection establishment: net::ERR_CONNECTION_REFUSED @ http://localhost:3000/_next/static/chunks/node_modules_next_dist_client_0_90u2t._.js:16348
[   38536ms] [ERROR] WebSocket connection to 'ws://localhost:3000/_next/hmr?id=hSRBSjCDWpiegsV1wSUG2' failed: Error in connection establishment: net::ERR_CONNECTION_REFUSED @ http://localhost:3000/_next/static/chunks/node_modules_next_dist_client_0_90u2t._.js:16348
[   43550ms] [ERROR] WebSocket connection to 'ws://localhost:3000/_next/hmr?id=hSRBSjCDWpiegsV1wSUG2' failed: Error in connection establishment: net::ERR_CONNECTION_REFUSED @ http://localhost:3000/_next/static/chunks/node_modules_next_dist_client_0_90u2t._.js:16348
[   48577ms] [ERROR] WebSocket connection to 'ws://localhost:3000/_next/hmr?id=hSRBSjCDWpiegsV1wSUG2' failed: Error in connection establishment: net::ERR_CONNECTION_REFUSED @ http://localhost:3000/_next/static/chunks/node_modules_next_dist_client_0_90u2t._.js:16348
[   53627ms] [ERROR] WebSocket connection to 'ws://localhost:3000/_next/hmr?id=hSRBSjCDWpiegsV1wSUG2' failed: Error in connection establishment: net::ERR_CONNECTION_REFUSED @ http://localhost:3000/_next/static/chunks/node_modules_next_dist_client_0_90u2t._.js:16348
[   58722ms] [ERROR] WebSocket connection to 'ws://localhost:3000/_next/hmr?id=hSRBSjCDWpiegsV1wSUG2' failed: Error in connection establishment: net::ERR_CONNECTION_REFUSED @ http://localhost:3000/_next/static/chunks/node_modules_next_dist_client_0_90u2t._.js:16348
[   64017ms] [ERROR] WebSocket connection to 'ws://localhost:3000/_next/hmr?id=hSRBSjCDWpiegsV1wSUG2' failed: Error in connection establishment: net::ERR_CONNECTION_REFUSED @ http://localhost:3000/_next/static/chunks/node_modules_next_dist_client_0_90u2t._.js:16348
